------------------------------------------------------------
TimeQuest Timing Analyzer Summary
------------------------------------------------------------

Type  : Slow 1200mV 85C Model Setup 'clk'
Slack : -5.034
TNS   : -280.288

Type  : Slow 1200mV 85C Model Hold 'clk'
Slack : -0.109
TNS   : -0.839

Type  : Slow 1200mV 85C Model Recovery 'UA:inst22|y[1]'
Slack : -1.853
TNS   : -1.853

Type  : Slow 1200mV 85C Model Recovery 'UA:inst22|y[0]'
Slack : -1.719
TNS   : -1.719

Type  : Slow 1200mV 85C Model Removal 'UA:inst22|y[0]'
Slack : 2.160
TNS   : 0.000

Type  : Slow 1200mV 85C Model Removal 'UA:inst22|y[1]'
Slack : 2.334
TNS   : 0.000

Type  : Slow 1200mV 85C Model Minimum Pulse Width 'clk'
Slack : -3.000
TNS   : -126.421

Type  : Slow 1200mV 85C Model Minimum Pulse Width 'UA:inst22|y[0]'
Slack : -1.487
TNS   : -1.487

Type  : Slow 1200mV 85C Model Minimum Pulse Width 'UA:inst22|y[1]'
Slack : -1.487
TNS   : -1.487

Type  : Slow 1200mV 0C Model Setup 'clk'
Slack : -4.805
TNS   : -263.643

Type  : Slow 1200mV 0C Model Hold 'clk'
Slack : -0.222
TNS   : -1.608

Type  : Slow 1200mV 0C Model Recovery 'UA:inst22|y[1]'
Slack : -1.570
TNS   : -1.570

Type  : Slow 1200mV 0C Model Recovery 'UA:inst22|y[0]'
Slack : -1.468
TNS   : -1.468

Type  : Slow 1200mV 0C Model Removal 'UA:inst22|y[0]'
Slack : 1.969
TNS   : 0.000

Type  : Slow 1200mV 0C Model Removal 'UA:inst22|y[1]'
Slack : 2.124
TNS   : 0.000

Type  : Slow 1200mV 0C Model Minimum Pulse Width 'clk'
Slack : -3.000
TNS   : -126.421

Type  : Slow 1200mV 0C Model Minimum Pulse Width 'UA:inst22|y[0]'
Slack : -1.487
TNS   : -1.487

Type  : Slow 1200mV 0C Model Minimum Pulse Width 'UA:inst22|y[1]'
Slack : -1.487
TNS   : -1.487

Type  : Fast 1200mV 0C Model Setup 'clk'
Slack : -2.122
TNS   : -80.146

Type  : Fast 1200mV 0C Model Hold 'clk'
Slack : -0.446
TNS   : -15.252

Type  : Fast 1200mV 0C Model Recovery 'UA:inst22|y[1]'
Slack : -0.360
TNS   : -0.360

Type  : Fast 1200mV 0C Model Recovery 'UA:inst22|y[0]'
Slack : -0.286
TNS   : -0.286

Type  : Fast 1200mV 0C Model Removal 'UA:inst22|y[0]'
Slack : 1.015
TNS   : 0.000

Type  : Fast 1200mV 0C Model Removal 'UA:inst22|y[1]'
Slack : 1.079
TNS   : 0.000

Type  : Fast 1200mV 0C Model Minimum Pulse Width 'clk'
Slack : -3.000
TNS   : -93.892

Type  : Fast 1200mV 0C Model Minimum Pulse Width 'UA:inst22|y[0]'
Slack : -1.000
TNS   : -1.000

Type  : Fast 1200mV 0C Model Minimum Pulse Width 'UA:inst22|y[1]'
Slack : -1.000
TNS   : -1.000

------------------------------------------------------------
