Analysis & Synthesis report for lab_1
Fri Apr 29 13:44:25 2016
Quartus II Version 9.1 Build 350 03/24/2010 Service Pack 2 SJ Web Edition


---------------------
; Table of Contents ;
---------------------
  1. Legal Notice
  2. Analysis & Synthesis Summary
  3. Analysis & Synthesis Settings
  4. Parallel Compilation
  5. Analysis & Synthesis Source Files Read
  6. Analysis & Synthesis Resource Usage Summary
  7. Analysis & Synthesis Resource Utilization by Entity
  8. Registers Removed During Synthesis
  9. Removed Registers Triggering Further Register Optimizations
 10. General Register Statistics
 11. Inverted Register Statistics
 12. Multiplexer Restructuring Statistics (Restructuring Performed)
 13. Source assignments for CT2:inst12|lpm_counter:lpm_counter_component
 14. Source assignments for CT1:inst11|lpm_counter:lpm_counter_component
 15. Parameter Settings for User Entity Instance: CT2:inst12|lpm_counter:lpm_counter_component
 16. Parameter Settings for User Entity Instance: SM2:inst9|lpm_add_sub:lpm_add_sub_component
 17. Parameter Settings for User Entity Instance: RG4:inst6|lpm_ff:lpm_ff_component
 18. Parameter Settings for User Entity Instance: RG2:inst20|lpm_shiftreg:lpm_shiftreg_component
 19. Parameter Settings for User Entity Instance: RG2:inst4|lpm_shiftreg:lpm_shiftreg_component
 20. Parameter Settings for User Entity Instance: RG3:inst7|lpm_shiftreg:lpm_shiftreg_component
 21. Parameter Settings for User Entity Instance: SM1:inst8|lpm_add_sub:lpm_add_sub_component
 22. Parameter Settings for User Entity Instance: CT1:inst11|lpm_counter:lpm_counter_component
 23. Parameter Settings for User Entity Instance: MS1:inst10|lpm_mux:lpm_mux_component
 24. Parameter Settings for User Entity Instance: RG1:inst|lpm_shiftreg:lpm_shiftreg_component
 25. Parameter Settings for User Entity Instance: OR_10:inst54|lpm_or:lpm_or_component
 26. Parameter Settings for User Entity Instance: OR_9:inst53|lpm_or:lpm_or_component
 27. lpm_shiftreg Parameter Settings by Entity Instance
 28. Analysis & Synthesis Messages



----------------
; Legal Notice ;
----------------
Copyright (C) 1991-2010 Altera Corporation
Your use of Altera Corporation's design tools, logic functions 
and other software and tools, and its AMPP partner logic 
functions, and any output files from any of the foregoing 
(including device programming or simulation files), and any 
associated documentation or information are expressly subject 
to the terms and conditions of the Altera Program License 
Subscription Agreement, Altera MegaCore Function License 
Agreement, or other applicable license agreement, including, 
without limitation, that your use is for the sole purpose of 
programming logic devices manufactured by Altera and sold by 
Altera or its authorized distributors.  Please refer to the 
applicable agreement for further details.



+-----------------------------------------------------------------------------------+
; Analysis & Synthesis Summary                                                      ;
+------------------------------------+----------------------------------------------+
; Analysis & Synthesis Status        ; Successful - Fri Apr 29 13:44:25 2016        ;
; Quartus II Version                 ; 9.1 Build 350 03/24/2010 SP 2 SJ Web Edition ;
; Revision Name                      ; lab_1                                        ;
; Top-level Entity Name              ; lab_1                                        ;
; Family                             ; Cyclone III                                  ;
; Total logic elements               ; 218                                          ;
;     Total combinational functions  ; 213                                          ;
;     Dedicated logic registers      ; 94                                           ;
; Total registers                    ; 94                                           ;
; Total pins                         ; 55                                           ;
; Total virtual pins                 ; 0                                            ;
; Total memory bits                  ; 0                                            ;
; Embedded Multiplier 9-bit elements ; 0                                            ;
; Total PLLs                         ; 0                                            ;
+------------------------------------+----------------------------------------------+


+----------------------------------------------------------------------------------------------------------------------+
; Analysis & Synthesis Settings                                                                                        ;
+----------------------------------------------------------------------------+--------------------+--------------------+
; Option                                                                     ; Setting            ; Default Value      ;
+----------------------------------------------------------------------------+--------------------+--------------------+
; Device                                                                     ; EP3C5E144C8        ;                    ;
; Top-level entity name                                                      ; lab_1              ; lab_1              ;
; Family name                                                                ; Cyclone III        ; Stratix II         ;
; Use Generated Physical Constraints File                                    ; Off                ;                    ;
; Use smart compilation                                                      ; Off                ; Off                ;
; Enable parallel Assembler and TimeQuest Timing Analyzer during compilation ; On                 ; On                 ;
; Enable compact report table                                                ; Off                ; Off                ;
; Restructure Multiplexers                                                   ; Auto               ; Auto               ;
; Create Debugging Nodes for IP Cores                                        ; Off                ; Off                ;
; Preserve fewer node names                                                  ; On                 ; On                 ;
; Disable OpenCore Plus hardware evaluation                                  ; Off                ; Off                ;
; Verilog Version                                                            ; Verilog_2001       ; Verilog_2001       ;
; VHDL Version                                                               ; VHDL_1993          ; VHDL_1993          ;
; State Machine Processing                                                   ; Auto               ; Auto               ;
; Safe State Machine                                                         ; Off                ; Off                ;
; Extract Verilog State Machines                                             ; On                 ; On                 ;
; Extract VHDL State Machines                                                ; On                 ; On                 ;
; Ignore Verilog initial constructs                                          ; Off                ; Off                ;
; Iteration limit for constant Verilog loops                                 ; 5000               ; 5000               ;
; Iteration limit for non-constant Verilog loops                             ; 250                ; 250                ;
; Add Pass-Through Logic to Inferred RAMs                                    ; On                 ; On                 ;
; Parallel Synthesis                                                         ; Off                ; Off                ;
; DSP Block Balancing                                                        ; Auto               ; Auto               ;
; NOT Gate Push-Back                                                         ; On                 ; On                 ;
; Power-Up Don't Care                                                        ; On                 ; On                 ;
; Remove Redundant Logic Cells                                               ; Off                ; Off                ;
; Remove Duplicate Registers                                                 ; On                 ; On                 ;
; Ignore CARRY Buffers                                                       ; Off                ; Off                ;
; Ignore CASCADE Buffers                                                     ; Off                ; Off                ;
; Ignore GLOBAL Buffers                                                      ; Off                ; Off                ;
; Ignore ROW GLOBAL Buffers                                                  ; Off                ; Off                ;
; Ignore LCELL Buffers                                                       ; Off                ; Off                ;
; Ignore SOFT Buffers                                                        ; On                 ; On                 ;
; Limit AHDL Integers to 32 Bits                                             ; Off                ; Off                ;
; Optimization Technique                                                     ; Balanced           ; Balanced           ;
; Carry Chain Length                                                         ; 70                 ; 70                 ;
; Auto Carry Chains                                                          ; On                 ; On                 ;
; Auto Open-Drain Pins                                                       ; On                 ; On                 ;
; Perform WYSIWYG Primitive Resynthesis                                      ; Off                ; Off                ;
; Auto ROM Replacement                                                       ; On                 ; On                 ;
; Auto RAM Replacement                                                       ; On                 ; On                 ;
; Auto DSP Block Replacement                                                 ; On                 ; On                 ;
; Auto Shift Register Replacement                                            ; Auto               ; Auto               ;
; Auto Clock Enable Replacement                                              ; On                 ; On                 ;
; Strict RAM Replacement                                                     ; Off                ; Off                ;
; Allow Synchronous Control Signals                                          ; On                 ; On                 ;
; Force Use of Synchronous Clear Signals                                     ; Off                ; Off                ;
; Auto RAM Block Balancing                                                   ; On                 ; On                 ;
; Auto RAM to Logic Cell Conversion                                          ; Off                ; Off                ;
; Auto Resource Sharing                                                      ; Off                ; Off                ;
; Allow Any RAM Size For Recognition                                         ; Off                ; Off                ;
; Allow Any ROM Size For Recognition                                         ; Off                ; Off                ;
; Allow Any Shift Register Size For Recognition                              ; Off                ; Off                ;
; Use LogicLock Constraints during Resource Balancing                        ; On                 ; On                 ;
; Ignore translate_off and synthesis_off directives                          ; Off                ; Off                ;
; Timing-Driven Synthesis                                                    ; Off                ; Off                ;
; Show Parameter Settings Tables in Synthesis Report                         ; On                 ; On                 ;
; Ignore Maximum Fan-Out Assignments                                         ; Off                ; Off                ;
; Synchronization Register Chain Length                                      ; 2                  ; 2                  ;
; PowerPlay Power Optimization                                               ; Normal compilation ; Normal compilation ;
; HDL message level                                                          ; Level2             ; Level2             ;
; Suppress Register Optimization Related Messages                            ; Off                ; Off                ;
; Number of Removed Registers Reported in Synthesis Report                   ; 5000               ; 5000               ;
; Number of Inverted Registers Reported in Synthesis Report                  ; 100                ; 100                ;
; Clock MUX Protection                                                       ; On                 ; On                 ;
; Auto Gated Clock Conversion                                                ; Off                ; Off                ;
; Block Design Naming                                                        ; Auto               ; Auto               ;
; SDC constraint protection                                                  ; Off                ; Off                ;
; Synthesis Effort                                                           ; Auto               ; Auto               ;
; Shift Register Replacement - Allow Asynchronous Clear Signal               ; On                 ; On                 ;
; Analysis & Synthesis Message Level                                         ; Medium             ; Medium             ;
; Disable Register Merging Across Hierarchies                                ; Auto               ; Auto               ;
; Resource Aware Inference For Block RAM                                     ; On                 ; On                 ;
+----------------------------------------------------------------------------+--------------------+--------------------+


Parallel compilation was disabled, but you have multiple processors available. Enable parallel compilation to reduce compilation time.
+-------------------------------------+
; Parallel Compilation                ;
+----------------------------+--------+
; Processors                 ; Number ;
+----------------------------+--------+
; Number detected on machine ; 4      ;
; Maximum allowed            ; 1      ;
+----------------------------+--------+


+---------------------------------------------------------------------------------------------------------------------------------------------------------------------+
; Analysis & Synthesis Source Files Read                                                                                                                              ;
+----------------------------------+-----------------+------------------------------------+---------------------------------------------------------------------------+
; File Name with User-Entered Path ; Used in Netlist ; File Type                          ; File Name with Absolute Path                                              ;
+----------------------------------+-----------------+------------------------------------+---------------------------------------------------------------------------+
; lab_1.bdf                        ; yes             ; User Block Diagram/Schematic File  ; C:/Users/student/Desktop/quartus/projects/lab1/lab_1.bdf                  ;
; UA.v                             ; yes             ; User Verilog HDL File              ; C:/Users/student/Desktop/quartus/projects/lab1/UA.v                       ;
; ct2.tdf                          ; yes             ; Auto-Found Wizard-Generated File   ; C:/Users/student/Desktop/quartus/projects/lab1/ct2.tdf                    ;
; lpm_counter.inc                  ; yes             ; Megafunction                       ; d:/programs/altera/91sp2/quartus/libraries/megafunctions/lpm_counter.inc  ;
; lpm_counter.tdf                  ; yes             ; Megafunction                       ; d:/programs/altera/91sp2/quartus/libraries/megafunctions/lpm_counter.tdf  ;
; lpm_add_sub.inc                  ; yes             ; Megafunction                       ; d:/programs/altera/91sp2/quartus/libraries/megafunctions/lpm_add_sub.inc  ;
; db/cntr_e1k.tdf                  ; yes             ; Auto-Generated Megafunction        ; C:/Users/student/Desktop/quartus/projects/lab1/db/cntr_e1k.tdf            ;
; sm2.tdf                          ; yes             ; Auto-Found Wizard-Generated File   ; C:/Users/student/Desktop/quartus/projects/lab1/sm2.tdf                    ;
; lpm_add_sub.tdf                  ; yes             ; Megafunction                       ; d:/programs/altera/91sp2/quartus/libraries/megafunctions/lpm_add_sub.tdf  ;
; db/add_sub_6ki.tdf               ; yes             ; Auto-Generated Megafunction        ; C:/Users/student/Desktop/quartus/projects/lab1/db/add_sub_6ki.tdf         ;
; rg4.tdf                          ; yes             ; Auto-Found Wizard-Generated File   ; C:/Users/student/Desktop/quartus/projects/lab1/rg4.tdf                    ;
; lpm_ff.inc                       ; yes             ; Auto-Found AHDL File               ; d:/programs/altera/91sp2/quartus/libraries/megafunctions/lpm_ff.inc       ;
; lpm_ff.tdf                       ; yes             ; Megafunction                       ; d:/programs/altera/91sp2/quartus/libraries/megafunctions/lpm_ff.tdf       ;
; rg2.tdf                          ; yes             ; Auto-Found Wizard-Generated File   ; C:/Users/student/Desktop/quartus/projects/lab1/rg2.tdf                    ;
; lpm_shiftreg.inc                 ; yes             ; Auto-Found AHDL File               ; d:/programs/altera/91sp2/quartus/libraries/megafunctions/lpm_shiftreg.inc ;
; lpm_shiftreg.tdf                 ; yes             ; Megafunction                       ; d:/programs/altera/91sp2/quartus/libraries/megafunctions/lpm_shiftreg.tdf ;
; rg3.tdf                          ; yes             ; Auto-Found Wizard-Generated File   ; C:/Users/student/Desktop/quartus/projects/lab1/rg3.tdf                    ;
; sm1.tdf                          ; yes             ; Auto-Found Wizard-Generated File   ; C:/Users/student/Desktop/quartus/projects/lab1/sm1.tdf                    ;
; db/add_sub_p3i.tdf               ; yes             ; Auto-Generated Megafunction        ; C:/Users/student/Desktop/quartus/projects/lab1/db/add_sub_p3i.tdf         ;
; ct1.tdf                          ; yes             ; Auto-Found Wizard-Generated File   ; C:/Users/student/Desktop/quartus/projects/lab1/ct1.tdf                    ;
; db/cntr_6cj.tdf                  ; yes             ; Auto-Generated Megafunction        ; C:/Users/student/Desktop/quartus/projects/lab1/db/cntr_6cj.tdf            ;
; ms1.tdf                          ; yes             ; Auto-Found Wizard-Generated File   ; C:/Users/student/Desktop/quartus/projects/lab1/ms1.tdf                    ;
; lpm_mux.inc                      ; yes             ; Auto-Found AHDL File               ; d:/programs/altera/91sp2/quartus/libraries/megafunctions/lpm_mux.inc      ;
; lpm_mux.tdf                      ; yes             ; Megafunction                       ; d:/programs/altera/91sp2/quartus/libraries/megafunctions/lpm_mux.tdf      ;
; db/mux_frc.tdf                   ; yes             ; Auto-Generated Megafunction        ; C:/Users/student/Desktop/quartus/projects/lab1/db/mux_frc.tdf             ;
; rg1.tdf                          ; yes             ; Auto-Found Wizard-Generated File   ; C:/Users/student/Desktop/quartus/projects/lab1/rg1.tdf                    ;
; or_10.tdf                        ; yes             ; Auto-Found Wizard-Generated File   ; C:/Users/student/Desktop/quartus/projects/lab1/or_10.tdf                  ;
; lpm_or.inc                       ; yes             ; Auto-Found AHDL File               ; d:/programs/altera/91sp2/quartus/libraries/megafunctions/lpm_or.inc       ;
; lpm_or.tdf                       ; yes             ; Megafunction                       ; d:/programs/altera/91sp2/quartus/libraries/megafunctions/lpm_or.tdf       ;
; or_9.tdf                         ; yes             ; Auto-Found Wizard-Generated File   ; C:/Users/student/Desktop/quartus/projects/lab1/or_9.tdf                   ;
+----------------------------------+-----------------+------------------------------------+---------------------------------------------------------------------------+


+---------------------------------------------------------+
; Analysis & Synthesis Resource Usage Summary             ;
+---------------------------------------------+-----------+
; Resource                                    ; Usage     ;
+---------------------------------------------+-----------+
; Estimated Total logic elements              ; 218       ;
;                                             ;           ;
; Total combinational functions               ; 213       ;
; Logic element usage by number of LUT inputs ;           ;
;     -- 4 input functions                    ; 70        ;
;     -- 3 input functions                    ; 101       ;
;     -- <=2 input functions                  ; 42        ;
;                                             ;           ;
; Logic elements by mode                      ;           ;
;     -- normal mode                          ; 179       ;
;     -- arithmetic mode                      ; 34        ;
;                                             ;           ;
; Total registers                             ; 94        ;
;     -- Dedicated logic registers            ; 94        ;
;     -- I/O registers                        ; 0         ;
;                                             ;           ;
; I/O pins                                    ; 55        ;
; Maximum fan-out node                        ; clk~input ;
; Maximum fan-out                             ; 94        ;
; Total fan-out                               ; 1072      ;
; Average fan-out                             ; 2.57      ;
+---------------------------------------------+-----------+


+--------------------------------------------------------------------------------------------------------------------------------------------------------------------------------------------------------------------------------------------------------+
; Analysis & Synthesis Resource Utilization by Entity                                                                                                                                                                                                    ;
+---------------------------------------------+-------------------+--------------+-------------+--------------+---------+-----------+------+--------------+-------------------------------------------------------------------------------+--------------+
; Compilation Hierarchy Node                  ; LC Combinationals ; LC Registers ; Memory Bits ; DSP Elements ; DSP 9x9 ; DSP 18x18 ; Pins ; Virtual Pins ; Full Hierarchy Name                                                           ; Library Name ;
+---------------------------------------------+-------------------+--------------+-------------+--------------+---------+-----------+------+--------------+-------------------------------------------------------------------------------+--------------+
; |lab_1                                      ; 213 (38)          ; 94 (1)       ; 0           ; 0            ; 0       ; 0         ; 55   ; 0            ; |lab_1                                                                        ; work         ;
;    |CT1:inst11|                             ; 6 (0)             ; 5 (0)        ; 0           ; 0            ; 0       ; 0         ; 0    ; 0            ; |lab_1|CT1:inst11                                                             ;              ;
;       |lpm_counter:lpm_counter_component|   ; 6 (0)             ; 5 (0)        ; 0           ; 0            ; 0       ; 0         ; 0    ; 0            ; |lab_1|CT1:inst11|lpm_counter:lpm_counter_component                           ; work         ;
;          |cntr_6cj:auto_generated|          ; 6 (6)             ; 5 (5)        ; 0           ; 0            ; 0       ; 0         ; 0    ; 0            ; |lab_1|CT1:inst11|lpm_counter:lpm_counter_component|cntr_6cj:auto_generated   ;              ;
;    |CT2:inst12|                             ; 8 (0)             ; 6 (0)        ; 0           ; 0            ; 0       ; 0         ; 0    ; 0            ; |lab_1|CT2:inst12                                                             ; work         ;
;       |lpm_counter:lpm_counter_component|   ; 8 (0)             ; 6 (0)        ; 0           ; 0            ; 0       ; 0         ; 0    ; 0            ; |lab_1|CT2:inst12|lpm_counter:lpm_counter_component                           ;              ;
;          |cntr_e1k:auto_generated|          ; 8 (8)             ; 6 (6)        ; 0           ; 0            ; 0       ; 0         ; 0    ; 0            ; |lab_1|CT2:inst12|lpm_counter:lpm_counter_component|cntr_e1k:auto_generated   ; work         ;
;    |OR_9:inst53|                            ; 2 (0)             ; 0 (0)        ; 0           ; 0            ; 0       ; 0         ; 0    ; 0            ; |lab_1|OR_9:inst53                                                            ; work         ;
;       |lpm_or:lpm_or_component|             ; 2 (2)             ; 0 (0)        ; 0           ; 0            ; 0       ; 0         ; 0    ; 0            ; |lab_1|OR_9:inst53|lpm_or:lpm_or_component                                    ;              ;
;    |RG1:inst|                               ; 20 (0)            ; 20 (0)       ; 0           ; 0            ; 0       ; 0         ; 0    ; 0            ; |lab_1|RG1:inst                                                               ;              ;
;       |lpm_shiftreg:lpm_shiftreg_component| ; 20 (20)           ; 20 (20)      ; 0           ; 0            ; 0       ; 0         ; 0    ; 0            ; |lab_1|RG1:inst|lpm_shiftreg:lpm_shiftreg_component                           ; work         ;
;    |RG2:inst20|                             ; 12 (0)            ; 11 (0)       ; 0           ; 0            ; 0       ; 0         ; 0    ; 0            ; |lab_1|RG2:inst20                                                             ; work         ;
;       |lpm_shiftreg:lpm_shiftreg_component| ; 12 (12)           ; 11 (11)      ; 0           ; 0            ; 0       ; 0         ; 0    ; 0            ; |lab_1|RG2:inst20|lpm_shiftreg:lpm_shiftreg_component                         ;              ;
;    |RG2:inst4|                              ; 11 (0)            ; 11 (0)       ; 0           ; 0            ; 0       ; 0         ; 0    ; 0            ; |lab_1|RG2:inst4                                                              ; work         ;
;       |lpm_shiftreg:lpm_shiftreg_component| ; 11 (11)           ; 11 (11)      ; 0           ; 0            ; 0       ; 0         ; 0    ; 0            ; |lab_1|RG2:inst4|lpm_shiftreg:lpm_shiftreg_component                          ;              ;
;    |RG3:inst7|                              ; 20 (0)            ; 20 (0)       ; 0           ; 0            ; 0       ; 0         ; 0    ; 0            ; |lab_1|RG3:inst7                                                              ; work         ;
;       |lpm_shiftreg:lpm_shiftreg_component| ; 20 (20)           ; 20 (20)      ; 0           ; 0            ; 0       ; 0         ; 0    ; 0            ; |lab_1|RG3:inst7|lpm_shiftreg:lpm_shiftreg_component                          ;              ;
;    |RG4:inst6|                              ; 0 (0)             ; 5 (0)        ; 0           ; 0            ; 0       ; 0         ; 0    ; 0            ; |lab_1|RG4:inst6                                                              ; work         ;
;       |lpm_ff:lpm_ff_component|             ; 0 (0)             ; 5 (5)        ; 0           ; 0            ; 0       ; 0         ; 0    ; 0            ; |lab_1|RG4:inst6|lpm_ff:lpm_ff_component                                      ;              ;
;    |SM1:inst8|                              ; 21 (0)            ; 0 (0)        ; 0           ; 0            ; 0       ; 0         ; 0    ; 0            ; |lab_1|SM1:inst8                                                              ; work         ;
;       |lpm_add_sub:lpm_add_sub_component|   ; 21 (0)            ; 0 (0)        ; 0           ; 0            ; 0       ; 0         ; 0    ; 0            ; |lab_1|SM1:inst8|lpm_add_sub:lpm_add_sub_component                            ;              ;
;          |add_sub_p3i:auto_generated|       ; 21 (21)           ; 0 (0)        ; 0           ; 0            ; 0       ; 0         ; 0    ; 0            ; |lab_1|SM1:inst8|lpm_add_sub:lpm_add_sub_component|add_sub_p3i:auto_generated ; work         ;
;    |SM2:inst9|                              ; 12 (0)            ; 0 (0)        ; 0           ; 0            ; 0       ; 0         ; 0    ; 0            ; |lab_1|SM2:inst9                                                              ;              ;
;       |lpm_add_sub:lpm_add_sub_component|   ; 12 (0)            ; 0 (0)        ; 0           ; 0            ; 0       ; 0         ; 0    ; 0            ; |lab_1|SM2:inst9|lpm_add_sub:lpm_add_sub_component                            ; work         ;
;          |add_sub_6ki:auto_generated|       ; 12 (12)           ; 0 (0)        ; 0           ; 0            ; 0       ; 0         ; 0    ; 0            ; |lab_1|SM2:inst9|lpm_add_sub:lpm_add_sub_component|add_sub_6ki:auto_generated ;              ;
;    |block_name:inst79|                      ; 63 (63)           ; 15 (15)      ; 0           ; 0            ; 0       ; 0         ; 0    ; 0            ; |lab_1|block_name:inst79                                                      ;              ;
+---------------------------------------------+-------------------+--------------+-------------+--------------+---------+-----------+------+--------------+-------------------------------------------------------------------------------+--------------+
Note: For table entries with two numbers listed, the numbers in parentheses indicate the number of resources of the given type used by the specific entity alone. The numbers listed outside of parentheses indicate the total resources of the given type used by the specific entity and all of its sub-entities in the hierarchy.


+---------------------------------------------------------------------------------+
; Registers Removed During Synthesis                                              ;
+----------------------------------------+----------------------------------------+
; Register name                          ; Reason for Removal                     ;
+----------------------------------------+----------------------------------------+
; block_name:inst79|pc[4..31]            ; Stuck at GND due to stuck port data_in ;
; block_name:inst79|y[10]                ; Stuck at GND due to stuck port data_in ;
; Total Number of Removed Registers = 29 ;                                        ;
+----------------------------------------+----------------------------------------+


+-----------------------------------------------------------------------------------------------+
; Removed Registers Triggering Further Register Optimizations                                   ;
+--------------------------+---------------------------+----------------------------------------+
; Register name            ; Reason for Removal        ; Registers Removed due to This Register ;
+--------------------------+---------------------------+----------------------------------------+
; block_name:inst79|pc[10] ; Stuck at GND              ; block_name:inst79|y[10]                ;
;                          ; due to stuck port data_in ;                                        ;
+--------------------------+---------------------------+----------------------------------------+


+------------------------------------------------------+
; General Register Statistics                          ;
+----------------------------------------------+-------+
; Statistic                                    ; Value ;
+----------------------------------------------+-------+
; Total registers                              ; 94    ;
; Number of registers using Synchronous Clear  ; 31    ;
; Number of registers using Synchronous Load   ; 11    ;
; Number of registers using Asynchronous Clear ; 0     ;
; Number of registers using Asynchronous Load  ; 0     ;
; Number of registers using Clock Enable       ; 80    ;
; Number of registers using Preset             ; 0     ;
+----------------------------------------------+-------+


+--------------------------------------------------+
; Inverted Register Statistics                     ;
+----------------------------------------+---------+
; Inverted Register                      ; Fan out ;
+----------------------------------------+---------+
; block_name:inst79|pc[0]                ; 30      ;
; Total number of inverted registers = 1 ;         ;
+----------------------------------------+---------+


+---------------------------------------------------------------------------------------------------------------------------------------------+
; Multiplexer Restructuring Statistics (Restructuring Performed)                                                                              ;
+--------------------+-----------+---------------+----------------------+------------------------+------------+-------------------------------+
; Multiplexer Inputs ; Bus Width ; Baseline Area ; Area if Restructured ; Saving if Restructured ; Registered ; Example Multiplexer Output    ;
+--------------------+-----------+---------------+----------------------+------------------------+------------+-------------------------------+
; 12:1               ; 2 bits    ; 16 LEs        ; 6 LEs                ; 10 LEs                 ; Yes        ; |lab_1|block_name:inst79|y[9] ;
; 3:1                ; 2 bits    ; 4 LEs         ; 4 LEs                ; 0 LEs                  ; No         ; |lab_1|block_name:inst79|y    ;
+--------------------+-----------+---------------+----------------------+------------------------+------------+-------------------------------+


+---------------------------------------------------------------------+
; Source assignments for CT2:inst12|lpm_counter:lpm_counter_component ;
+---------------------------+-------+------+--------------------------+
; Assignment                ; Value ; From ; To                       ;
+---------------------------+-------+------+--------------------------+
; SUPPRESS_DA_RULE_INTERNAL ; a101  ; -    ; -                        ;
; SUPPRESS_DA_RULE_INTERNAL ; s102  ; -    ; -                        ;
; SUPPRESS_DA_RULE_INTERNAL ; s103  ; -    ; -                        ;
+---------------------------+-------+------+--------------------------+


+---------------------------------------------------------------------+
; Source assignments for CT1:inst11|lpm_counter:lpm_counter_component ;
+---------------------------+-------+------+--------------------------+
; Assignment                ; Value ; From ; To                       ;
+---------------------------+-------+------+--------------------------+
; SUPPRESS_DA_RULE_INTERNAL ; a101  ; -    ; -                        ;
; SUPPRESS_DA_RULE_INTERNAL ; s102  ; -    ; -                        ;
; SUPPRESS_DA_RULE_INTERNAL ; s103  ; -    ; -                        ;
+---------------------------+-------+------+--------------------------+


+-------------------------------------------------------------------------------------------+
; Parameter Settings for User Entity Instance: CT2:inst12|lpm_counter:lpm_counter_component ;
+------------------------+-------------+----------------------------------------------------+
; Parameter Name         ; Value       ; Type                                               ;
+------------------------+-------------+----------------------------------------------------+
; AUTO_CARRY_CHAINS      ; ON          ; AUTO_CARRY                                         ;
; IGNORE_CARRY_BUFFERS   ; OFF         ; IGNORE_CARRY                                       ;
; AUTO_CASCADE_CHAINS    ; ON          ; AUTO_CASCADE                                       ;
; IGNORE_CASCADE_BUFFERS ; OFF         ; IGNORE_CASCADE                                     ;
; LPM_WIDTH              ; 6           ; Untyped                                            ;
; LPM_DIRECTION          ; DOWN        ; Untyped                                            ;
; LPM_MODULUS            ; 0           ; Untyped                                            ;
; LPM_AVALUE             ; UNUSED      ; Untyped                                            ;
; LPM_SVALUE             ; UNUSED      ; Untyped                                            ;
; LPM_PORT_UPDOWN        ; PORT_UNUSED ; Untyped                                            ;
; DEVICE_FAMILY          ; Cyclone III ; Untyped                                            ;
; CARRY_CHAIN            ; MANUAL      ; Untyped                                            ;
; CARRY_CHAIN_LENGTH     ; 48          ; CARRY_CHAIN_LENGTH                                 ;
; NOT_GATE_PUSH_BACK     ; ON          ; NOT_GATE_PUSH_BACK                                 ;
; CARRY_CNT_EN           ; SMART       ; Untyped                                            ;
; LABWIDE_SCLR           ; ON          ; Untyped                                            ;
; USE_NEW_VERSION        ; TRUE        ; Untyped                                            ;
; CBXI_PARAMETER         ; cntr_e1k    ; Untyped                                            ;
+------------------------+-------------+----------------------------------------------------+
Note: In order to hide this table in the UI and the text report file, please set the "Show Parameter Settings Tables in Synthesis Report" option in "Analysis and Synthesis Settings -> More Settings" to "Off".


+------------------------------------------------------------------------------------------+
; Parameter Settings for User Entity Instance: SM2:inst9|lpm_add_sub:lpm_add_sub_component ;
+------------------------+-------------+---------------------------------------------------+
; Parameter Name         ; Value       ; Type                                              ;
+------------------------+-------------+---------------------------------------------------+
; LPM_WIDTH              ; 5           ; Untyped                                           ;
; LPM_REPRESENTATION     ; UNSIGNED    ; Untyped                                           ;
; LPM_DIRECTION          ; ADD         ; Untyped                                           ;
; ONE_INPUT_IS_CONSTANT  ; NO          ; Untyped                                           ;
; LPM_PIPELINE           ; 0           ; Untyped                                           ;
; MAXIMIZE_SPEED         ; 5           ; Untyped                                           ;
; REGISTERED_AT_END      ; 0           ; Untyped                                           ;
; OPTIMIZE_FOR_SPEED     ; 5           ; Untyped                                           ;
; USE_CS_BUFFERS         ; 1           ; Untyped                                           ;
; CARRY_CHAIN            ; MANUAL      ; Untyped                                           ;
; CARRY_CHAIN_LENGTH     ; 48          ; CARRY_CHAIN_LENGTH                                ;
; DEVICE_FAMILY          ; Cyclone III ; Untyped                                           ;
; USE_WYS                ; OFF         ; Untyped                                           ;
; STYLE                  ; FAST        ; Untyped                                           ;
; CBXI_PARAMETER         ; add_sub_6ki ; Untyped                                           ;
; AUTO_CARRY_CHAINS      ; ON          ; AUTO_CARRY                                        ;
; IGNORE_CARRY_BUFFERS   ; OFF         ; IGNORE_CARRY                                      ;
; AUTO_CASCADE_CHAINS    ; ON          ; AUTO_CASCADE                                      ;
; IGNORE_CASCADE_BUFFERS ; OFF         ; IGNORE_CASCADE                                    ;
+------------------------+-------------+---------------------------------------------------+
Note: In order to hide this table in the UI and the text report file, please set the "Show Parameter Settings Tables in Synthesis Report" option in "Analysis and Synthesis Settings -> More Settings" to "Off".


+--------------------------------------------------------------------------------+
; Parameter Settings for User Entity Instance: RG4:inst6|lpm_ff:lpm_ff_component ;
+------------------------+-------------+-----------------------------------------+
; Parameter Name         ; Value       ; Type                                    ;
+------------------------+-------------+-----------------------------------------+
; LPM_WIDTH              ; 5           ; Untyped                                 ;
; LPM_AVALUE             ; UNUSED      ; Untyped                                 ;
; LPM_SVALUE             ; UNUSED      ; Untyped                                 ;
; LPM_FFTYPE             ; DFF         ; Untyped                                 ;
; DEVICE_FAMILY          ; Cyclone III ; Untyped                                 ;
; CBXI_PARAMETER         ; NOTHING     ; Untyped                                 ;
; AUTO_CARRY_CHAINS      ; ON          ; AUTO_CARRY                              ;
; IGNORE_CARRY_BUFFERS   ; OFF         ; IGNORE_CARRY                            ;
; AUTO_CASCADE_CHAINS    ; ON          ; AUTO_CASCADE                            ;
; IGNORE_CASCADE_BUFFERS ; OFF         ; IGNORE_CASCADE                          ;
+------------------------+-------------+-----------------------------------------+
Note: In order to hide this table in the UI and the text report file, please set the "Show Parameter Settings Tables in Synthesis Report" option in "Analysis and Synthesis Settings -> More Settings" to "Off".


+---------------------------------------------------------------------------------------------+
; Parameter Settings for User Entity Instance: RG2:inst20|lpm_shiftreg:lpm_shiftreg_component ;
+------------------------+-------------+------------------------------------------------------+
; Parameter Name         ; Value       ; Type                                                 ;
+------------------------+-------------+------------------------------------------------------+
; LPM_WIDTH              ; 11          ; Untyped                                              ;
; LPM_DIRECTION          ; RIGHT       ; Untyped                                              ;
; LPM_AVALUE             ; UNUSED      ; Untyped                                              ;
; LPM_SVALUE             ; UNUSED      ; Untyped                                              ;
; DEVICE_FAMILY          ; Cyclone III ; Untyped                                              ;
; AUTO_CARRY_CHAINS      ; ON          ; AUTO_CARRY                                           ;
; IGNORE_CARRY_BUFFERS   ; OFF         ; IGNORE_CARRY                                         ;
; AUTO_CASCADE_CHAINS    ; ON          ; AUTO_CASCADE                                         ;
; IGNORE_CASCADE_BUFFERS ; OFF         ; IGNORE_CASCADE                                       ;
+------------------------+-------------+------------------------------------------------------+
Note: In order to hide this table in the UI and the text report file, please set the "Show Parameter Settings Tables in Synthesis Report" option in "Analysis and Synthesis Settings -> More Settings" to "Off".


+--------------------------------------------------------------------------------------------+
; Parameter Settings for User Entity Instance: RG2:inst4|lpm_shiftreg:lpm_shiftreg_component ;
+------------------------+-------------+-----------------------------------------------------+
; Parameter Name         ; Value       ; Type                                                ;
+------------------------+-------------+-----------------------------------------------------+
; LPM_WIDTH              ; 11          ; Untyped                                             ;
; LPM_DIRECTION          ; RIGHT       ; Untyped                                             ;
; LPM_AVALUE             ; UNUSED      ; Untyped                                             ;
; LPM_SVALUE             ; UNUSED      ; Untyped                                             ;
; DEVICE_FAMILY          ; Cyclone III ; Untyped                                             ;
; AUTO_CARRY_CHAINS      ; ON          ; AUTO_CARRY                                          ;
; IGNORE_CARRY_BUFFERS   ; OFF         ; IGNORE_CARRY                                        ;
; AUTO_CASCADE_CHAINS    ; ON          ; AUTO_CASCADE                                        ;
; IGNORE_CASCADE_BUFFERS ; OFF         ; IGNORE_CASCADE                                      ;
+------------------------+-------------+-----------------------------------------------------+
Note: In order to hide this table in the UI and the text report file, please set the "Show Parameter Settings Tables in Synthesis Report" option in "Analysis and Synthesis Settings -> More Settings" to "Off".


+--------------------------------------------------------------------------------------------+
; Parameter Settings for User Entity Instance: RG3:inst7|lpm_shiftreg:lpm_shiftreg_component ;
+------------------------+-------------+-----------------------------------------------------+
; Parameter Name         ; Value       ; Type                                                ;
+------------------------+-------------+-----------------------------------------------------+
; LPM_WIDTH              ; 20          ; Untyped                                             ;
; LPM_DIRECTION          ; LEFT        ; Untyped                                             ;
; LPM_AVALUE             ; UNUSED      ; Untyped                                             ;
; LPM_SVALUE             ; UNUSED      ; Untyped                                             ;
; DEVICE_FAMILY          ; Cyclone III ; Untyped                                             ;
; AUTO_CARRY_CHAINS      ; ON          ; AUTO_CARRY                                          ;
; IGNORE_CARRY_BUFFERS   ; OFF         ; IGNORE_CARRY                                        ;
; AUTO_CASCADE_CHAINS    ; ON          ; AUTO_CASCADE                                        ;
; IGNORE_CASCADE_BUFFERS ; OFF         ; IGNORE_CASCADE                                      ;
+------------------------+-------------+-----------------------------------------------------+
Note: In order to hide this table in the UI and the text report file, please set the "Show Parameter Settings Tables in Synthesis Report" option in "Analysis and Synthesis Settings -> More Settings" to "Off".


+------------------------------------------------------------------------------------------+
; Parameter Settings for User Entity Instance: SM1:inst8|lpm_add_sub:lpm_add_sub_component ;
+------------------------+-------------+---------------------------------------------------+
; Parameter Name         ; Value       ; Type                                              ;
+------------------------+-------------+---------------------------------------------------+
; LPM_WIDTH              ; 20          ; Untyped                                           ;
; LPM_REPRESENTATION     ; UNSIGNED    ; Untyped                                           ;
; LPM_DIRECTION          ; ADD         ; Untyped                                           ;
; ONE_INPUT_IS_CONSTANT  ; NO          ; Untyped                                           ;
; LPM_PIPELINE           ; 0           ; Untyped                                           ;
; MAXIMIZE_SPEED         ; 5           ; Untyped                                           ;
; REGISTERED_AT_END      ; 0           ; Untyped                                           ;
; OPTIMIZE_FOR_SPEED     ; 5           ; Untyped                                           ;
; USE_CS_BUFFERS         ; 1           ; Untyped                                           ;
; CARRY_CHAIN            ; MANUAL      ; Untyped                                           ;
; CARRY_CHAIN_LENGTH     ; 48          ; CARRY_CHAIN_LENGTH                                ;
; DEVICE_FAMILY          ; Cyclone III ; Untyped                                           ;
; USE_WYS                ; OFF         ; Untyped                                           ;
; STYLE                  ; FAST        ; Untyped                                           ;
; CBXI_PARAMETER         ; add_sub_p3i ; Untyped                                           ;
; AUTO_CARRY_CHAINS      ; ON          ; AUTO_CARRY                                        ;
; IGNORE_CARRY_BUFFERS   ; OFF         ; IGNORE_CARRY                                      ;
; AUTO_CASCADE_CHAINS    ; ON          ; AUTO_CASCADE                                      ;
; IGNORE_CASCADE_BUFFERS ; OFF         ; IGNORE_CASCADE                                    ;
+------------------------+-------------+---------------------------------------------------+
Note: In order to hide this table in the UI and the text report file, please set the "Show Parameter Settings Tables in Synthesis Report" option in "Analysis and Synthesis Settings -> More Settings" to "Off".


+-------------------------------------------------------------------------------------------+
; Parameter Settings for User Entity Instance: CT1:inst11|lpm_counter:lpm_counter_component ;
+------------------------+-------------+----------------------------------------------------+
; Parameter Name         ; Value       ; Type                                               ;
+------------------------+-------------+----------------------------------------------------+
; AUTO_CARRY_CHAINS      ; ON          ; AUTO_CARRY                                         ;
; IGNORE_CARRY_BUFFERS   ; OFF         ; IGNORE_CARRY                                       ;
; AUTO_CASCADE_CHAINS    ; ON          ; AUTO_CASCADE                                       ;
; IGNORE_CASCADE_BUFFERS ; OFF         ; IGNORE_CASCADE                                     ;
; LPM_WIDTH              ; 5           ; Untyped                                            ;
; LPM_DIRECTION          ; UP          ; Untyped                                            ;
; LPM_MODULUS            ; 0           ; Untyped                                            ;
; LPM_AVALUE             ; UNUSED      ; Untyped                                            ;
; LPM_SVALUE             ; UNUSED      ; Untyped                                            ;
; LPM_PORT_UPDOWN        ; PORT_UNUSED ; Untyped                                            ;
; DEVICE_FAMILY          ; Cyclone III ; Untyped                                            ;
; CARRY_CHAIN            ; MANUAL      ; Untyped                                            ;
; CARRY_CHAIN_LENGTH     ; 48          ; CARRY_CHAIN_LENGTH                                 ;
; NOT_GATE_PUSH_BACK     ; ON          ; NOT_GATE_PUSH_BACK                                 ;
; CARRY_CNT_EN           ; SMART       ; Untyped                                            ;
; LABWIDE_SCLR           ; ON          ; Untyped                                            ;
; USE_NEW_VERSION        ; TRUE        ; Untyped                                            ;
; CBXI_PARAMETER         ; cntr_6cj    ; Untyped                                            ;
+------------------------+-------------+----------------------------------------------------+
Note: In order to hide this table in the UI and the text report file, please set the "Show Parameter Settings Tables in Synthesis Report" option in "Analysis and Synthesis Settings -> More Settings" to "Off".


+-----------------------------------------------------------------------------------+
; Parameter Settings for User Entity Instance: MS1:inst10|lpm_mux:lpm_mux_component ;
+------------------------+-------------+--------------------------------------------+
; Parameter Name         ; Value       ; Type                                       ;
+------------------------+-------------+--------------------------------------------+
; AUTO_CARRY_CHAINS      ; ON          ; AUTO_CARRY                                 ;
; IGNORE_CARRY_BUFFERS   ; OFF         ; IGNORE_CARRY                               ;
; AUTO_CASCADE_CHAINS    ; ON          ; AUTO_CASCADE                               ;
; IGNORE_CASCADE_BUFFERS ; OFF         ; IGNORE_CASCADE                             ;
; LPM_WIDTH              ; 20          ; Untyped                                    ;
; LPM_SIZE               ; 2           ; Untyped                                    ;
; LPM_WIDTHS             ; 1           ; Untyped                                    ;
; LPM_PIPELINE           ; 0           ; Untyped                                    ;
; CBXI_PARAMETER         ; mux_frc     ; Untyped                                    ;
; DEVICE_FAMILY          ; Cyclone III ; Untyped                                    ;
+------------------------+-------------+--------------------------------------------+
Note: In order to hide this table in the UI and the text report file, please set the "Show Parameter Settings Tables in Synthesis Report" option in "Analysis and Synthesis Settings -> More Settings" to "Off".


+-------------------------------------------------------------------------------------------+
; Parameter Settings for User Entity Instance: RG1:inst|lpm_shiftreg:lpm_shiftreg_component ;
+------------------------+-------------+----------------------------------------------------+
; Parameter Name         ; Value       ; Type                                               ;
+------------------------+-------------+----------------------------------------------------+
; LPM_WIDTH              ; 20          ; Untyped                                            ;
; LPM_DIRECTION          ; LEFT        ; Untyped                                            ;
; LPM_AVALUE             ; UNUSED      ; Untyped                                            ;
; LPM_SVALUE             ; UNUSED      ; Untyped                                            ;
; DEVICE_FAMILY          ; Cyclone III ; Untyped                                            ;
; AUTO_CARRY_CHAINS      ; ON          ; AUTO_CARRY                                         ;
; IGNORE_CARRY_BUFFERS   ; OFF         ; IGNORE_CARRY                                       ;
; AUTO_CASCADE_CHAINS    ; ON          ; AUTO_CASCADE                                       ;
; IGNORE_CASCADE_BUFFERS ; OFF         ; IGNORE_CASCADE                                     ;
+------------------------+-------------+----------------------------------------------------+
Note: In order to hide this table in the UI and the text report file, please set the "Show Parameter Settings Tables in Synthesis Report" option in "Analysis and Synthesis Settings -> More Settings" to "Off".


+-----------------------------------------------------------------------------------+
; Parameter Settings for User Entity Instance: OR_10:inst54|lpm_or:lpm_or_component ;
+------------------------+-------------+--------------------------------------------+
; Parameter Name         ; Value       ; Type                                       ;
+------------------------+-------------+--------------------------------------------+
; AUTO_CARRY_CHAINS      ; ON          ; AUTO_CARRY                                 ;
; IGNORE_CARRY_BUFFERS   ; OFF         ; IGNORE_CARRY                               ;
; AUTO_CASCADE_CHAINS    ; ON          ; AUTO_CASCADE                               ;
; IGNORE_CASCADE_BUFFERS ; OFF         ; IGNORE_CASCADE                             ;
; LPM_WIDTH              ; 1           ; Untyped                                    ;
; LPM_SIZE               ; 10          ; Untyped                                    ;
; CARRY_CHAIN_LENGTH     ; 48          ; CARRY_CHAIN_LENGTH                         ;
; CARRY_CHAIN            ; MANUAL      ; Untyped                                    ;
; CASCADE_CHAIN          ; MANUAL      ; Untyped                                    ;
; DEVICE_FAMILY          ; Cyclone III ; Untyped                                    ;
+------------------------+-------------+--------------------------------------------+
Note: In order to hide this table in the UI and the text report file, please set the "Show Parameter Settings Tables in Synthesis Report" option in "Analysis and Synthesis Settings -> More Settings" to "Off".


+----------------------------------------------------------------------------------+
; Parameter Settings for User Entity Instance: OR_9:inst53|lpm_or:lpm_or_component ;
+------------------------+-------------+-------------------------------------------+
; Parameter Name         ; Value       ; Type                                      ;
+------------------------+-------------+-------------------------------------------+
; AUTO_CARRY_CHAINS      ; ON          ; AUTO_CARRY                                ;
; IGNORE_CARRY_BUFFERS   ; OFF         ; IGNORE_CARRY                              ;
; AUTO_CASCADE_CHAINS    ; ON          ; AUTO_CASCADE                              ;
; IGNORE_CASCADE_BUFFERS ; OFF         ; IGNORE_CASCADE                            ;
; LPM_WIDTH              ; 1           ; Untyped                                   ;
; LPM_SIZE               ; 9           ; Untyped                                   ;
; CARRY_CHAIN_LENGTH     ; 48          ; CARRY_CHAIN_LENGTH                        ;
; CARRY_CHAIN            ; MANUAL      ; Untyped                                   ;
; CASCADE_CHAIN          ; MANUAL      ; Untyped                                   ;
; DEVICE_FAMILY          ; Cyclone III ; Untyped                                   ;
+------------------------+-------------+-------------------------------------------+
Note: In order to hide this table in the UI and the text report file, please set the "Show Parameter Settings Tables in Synthesis Report" option in "Analysis and Synthesis Settings -> More Settings" to "Off".


+-----------------------------------------------------------------------------+
; lpm_shiftreg Parameter Settings by Entity Instance                          ;
+----------------------------+------------------------------------------------+
; Name                       ; Value                                          ;
+----------------------------+------------------------------------------------+
; Number of entity instances ; 4                                              ;
; Entity Instance            ; RG2:inst20|lpm_shiftreg:lpm_shiftreg_component ;
;     -- LPM_WIDTH           ; 11                                             ;
;     -- LPM_DIRECTION       ; RIGHT                                          ;
; Entity Instance            ; RG2:inst4|lpm_shiftreg:lpm_shiftreg_component  ;
;     -- LPM_WIDTH           ; 11                                             ;
;     -- LPM_DIRECTION       ; RIGHT                                          ;
; Entity Instance            ; RG3:inst7|lpm_shiftreg:lpm_shiftreg_component  ;
;     -- LPM_WIDTH           ; 20                                             ;
;     -- LPM_DIRECTION       ; LEFT                                           ;
; Entity Instance            ; RG1:inst|lpm_shiftreg:lpm_shiftreg_component   ;
;     -- LPM_WIDTH           ; 20                                             ;
;     -- LPM_DIRECTION       ; LEFT                                           ;
+----------------------------+------------------------------------------------+


+-------------------------------+
; Analysis & Synthesis Messages ;
+-------------------------------+
Info: *******************************************************************
Info: Running Quartus II Analysis & Synthesis
    Info: Version 9.1 Build 350 03/24/2010 Service Pack 2 SJ Web Edition
    Info: Processing started: Fri Apr 29 13:44:22 2016
Info: Command: quartus_map --read_settings_files=on --write_settings_files=off lab_1 -c lab_1
Info: Found 1 design units, including 1 entities, in source file lab_1.bdf
    Info: Found entity 1: lab_1
Info: Found 1 design units, including 1 entities, in source file ua.v
    Info: Found entity 1: block_name
Info: Elaborating entity "lab_1" for the top level hierarchy
Warning: Primitive "DFF" of instance "inst5" not used
Info: Elaborating entity "block_name" for hierarchy "block_name:inst79"
Warning (10762): Verilog HDL Case Statement warning at UA.v(47): can't check case statement for completeness because the case expression has too many possible states
Warning: Using design file ct2.tdf, which is not specified as a design file for the current project, but contains definitions for 1 design units and 1 entities in project
    Info: Found entity 1: CT2
Info: Elaborating entity "CT2" for hierarchy "CT2:inst12"
Info: Elaborating entity "lpm_counter" for hierarchy "CT2:inst12|lpm_counter:lpm_counter_component"
Info: Elaborated megafunction instantiation "CT2:inst12|lpm_counter:lpm_counter_component"
Info: Instantiated megafunction "CT2:inst12|lpm_counter:lpm_counter_component" with the following parameter:
    Info: Parameter "LPM_TYPE" = "LPM_COUNTER"
    Info: Parameter "LPM_WIDTH" = "6"
    Info: Parameter "LPM_DIRECTION" = "DOWN"
    Info: Parameter "LPM_PORT_UPDOWN" = "PORT_UNUSED"
Info: Found 1 design units, including 1 entities, in source file db/cntr_e1k.tdf
    Info: Found entity 1: cntr_e1k
Info: Elaborating entity "cntr_e1k" for hierarchy "CT2:inst12|lpm_counter:lpm_counter_component|cntr_e1k:auto_generated"
Warning: Using design file sm2.tdf, which is not specified as a design file for the current project, but contains definitions for 1 design units and 1 entities in project
    Info: Found entity 1: SM2
Info: Elaborating entity "SM2" for hierarchy "SM2:inst9"
Info: Elaborating entity "lpm_add_sub" for hierarchy "SM2:inst9|lpm_add_sub:lpm_add_sub_component"
Info: Elaborated megafunction instantiation "SM2:inst9|lpm_add_sub:lpm_add_sub_component"
Info: Instantiated megafunction "SM2:inst9|lpm_add_sub:lpm_add_sub_component" with the following parameter:
    Info: Parameter "LPM_TYPE" = "LPM_ADD_SUB"
    Info: Parameter "LPM_HINT" = "ONE_INPUT_IS_CONSTANT=NO,CIN_USED=NO"
    Info: Parameter "LPM_WIDTH" = "5"
    Info: Parameter "LPM_REPRESENTATION" = "UNSIGNED"
    Info: Parameter "LPM_DIRECTION" = "ADD"
Info: Found 1 design units, including 1 entities, in source file db/add_sub_6ki.tdf
    Info: Found entity 1: add_sub_6ki
Info: Elaborating entity "add_sub_6ki" for hierarchy "SM2:inst9|lpm_add_sub:lpm_add_sub_component|add_sub_6ki:auto_generated"
Warning: Using design file rg4.tdf, which is not specified as a design file for the current project, but contains definitions for 1 design units and 1 entities in project
    Info: Found entity 1: RG4
Info: Elaborating entity "RG4" for hierarchy "RG4:inst6"
Info: Elaborating entity "lpm_ff" for hierarchy "RG4:inst6|lpm_ff:lpm_ff_component"
Info: Elaborated megafunction instantiation "RG4:inst6|lpm_ff:lpm_ff_component"
Info: Instantiated megafunction "RG4:inst6|lpm_ff:lpm_ff_component" with the following parameter:
    Info: Parameter "LPM_TYPE" = "LPM_FF"
    Info: Parameter "LPM_WIDTH" = "5"
    Info: Parameter "LPM_FFTYPE" = "DFF"
Warning: Using design file rg2.tdf, which is not specified as a design file for the current project, but contains definitions for 1 design units and 1 entities in project
    Info: Found entity 1: RG2
Info: Elaborating entity "RG2" for hierarchy "RG2:inst20"
Info: Elaborating entity "lpm_shiftreg" for hierarchy "RG2:inst20|lpm_shiftreg:lpm_shiftreg_component"
Info: Elaborated megafunction instantiation "RG2:inst20|lpm_shiftreg:lpm_shiftreg_component"
Info: Instantiated megafunction "RG2:inst20|lpm_shiftreg:lpm_shiftreg_component" with the following parameter:
    Info: Parameter "LPM_TYPE" = "LPM_SHIFTREG"
    Info: Parameter "LPM_WIDTH" = "11"
    Info: Parameter "LPM_DIRECTION" = "RIGHT"
Info: Elaborating entity "RG2" for hierarchy "RG2:inst4"
Warning: Using design file rg3.tdf, which is not specified as a design file for the current project, but contains definitions for 1 design units and 1 entities in project
    Info: Found entity 1: RG3
Info: Elaborating entity "RG3" for hierarchy "RG3:inst7"
Info: Elaborating entity "lpm_shiftreg" for hierarchy "RG3:inst7|lpm_shiftreg:lpm_shiftreg_component"
Info: Elaborated megafunction instantiation "RG3:inst7|lpm_shiftreg:lpm_shiftreg_component"
Info: Instantiated megafunction "RG3:inst7|lpm_shiftreg:lpm_shiftreg_component" with the following parameter:
    Info: Parameter "LPM_TYPE" = "LPM_SHIFTREG"
    Info: Parameter "LPM_WIDTH" = "20"
    Info: Parameter "LPM_DIRECTION" = "LEFT"
Warning: Using design file sm1.tdf, which is not specified as a design file for the current project, but contains definitions for 1 design units and 1 entities in project
    Info: Found entity 1: SM1
Info: Elaborating entity "SM1" for hierarchy "SM1:inst8"
Info: Elaborating entity "lpm_add_sub" for hierarchy "SM1:inst8|lpm_add_sub:lpm_add_sub_component"
Info: Elaborated megafunction instantiation "SM1:inst8|lpm_add_sub:lpm_add_sub_component"
Info: Instantiated megafunction "SM1:inst8|lpm_add_sub:lpm_add_sub_component" with the following parameter:
    Info: Parameter "LPM_TYPE" = "LPM_ADD_SUB"
    Info: Parameter "LPM_HINT" = "ONE_INPUT_IS_CONSTANT=NO,CIN_USED=YES"
    Info: Parameter "LPM_WIDTH" = "20"
    Info: Parameter "LPM_REPRESENTATION" = "UNSIGNED"
    Info: Parameter "LPM_DIRECTION" = "ADD"
Info: Found 1 design units, including 1 entities, in source file db/add_sub_p3i.tdf
    Info: Found entity 1: add_sub_p3i
Info: Elaborating entity "add_sub_p3i" for hierarchy "SM1:inst8|lpm_add_sub:lpm_add_sub_component|add_sub_p3i:auto_generated"
Warning: Using design file ct1.tdf, which is not specified as a design file for the current project, but contains definitions for 1 design units and 1 entities in project
    Info: Found entity 1: CT1
Info: Elaborating entity "CT1" for hierarchy "CT1:inst11"
Info: Elaborating entity "lpm_counter" for hierarchy "CT1:inst11|lpm_counter:lpm_counter_component"
Info: Elaborated megafunction instantiation "CT1:inst11|lpm_counter:lpm_counter_component"
Info: Instantiated megafunction "CT1:inst11|lpm_counter:lpm_counter_component" with the following parameter:
    Info: Parameter "LPM_TYPE" = "LPM_COUNTER"
    Info: Parameter "LPM_WIDTH" = "5"
    Info: Parameter "LPM_DIRECTION" = "UP"
    Info: Parameter "LPM_PORT_UPDOWN" = "PORT_UNUSED"
Info: Found 1 design units, including 1 entities, in source file db/cntr_6cj.tdf
    Info: Found entity 1: cntr_6cj
Info: Elaborating entity "cntr_6cj" for hierarchy "CT1:inst11|lpm_counter:lpm_counter_component|cntr_6cj:auto_generated"
Warning: Using design file ms1.tdf, which is not specified as a design file for the current project, but contains definitions for 1 design units and 1 entities in project
    Info: Found entity 1: MS1
Info: Elaborating entity "MS1" for hierarchy "MS1:inst10"
Info: Elaborating entity "lpm_mux" for hierarchy "MS1:inst10|lpm_mux:lpm_mux_component"
Info: Elaborated megafunction instantiation "MS1:inst10|lpm_mux:lpm_mux_component"
Info: Instantiated megafunction "MS1:inst10|lpm_mux:lpm_mux_component" with the following parameter:
    Info: Parameter "LPM_TYPE" = "LPM_MUX"
    Info: Parameter "LPM_WIDTH" = "20"
    Info: Parameter "LPM_SIZE" = "2"
    Info: Parameter "LPM_WIDTHS" = "1"
Info: Found 1 design units, including 1 entities, in source file db/mux_frc.tdf
    Info: Found entity 1: mux_frc
Info: Elaborating entity "mux_frc" for hierarchy "MS1:inst10|lpm_mux:lpm_mux_component|mux_frc:auto_generated"
Warning: Using design file rg1.tdf, which is not specified as a design file for the current project, but contains definitions for 1 design units and 1 entities in project
    Info: Found entity 1: RG1
Info: Elaborating entity "RG1" for hierarchy "RG1:inst"
Info: Elaborating entity "lpm_shiftreg" for hierarchy "RG1:inst|lpm_shiftreg:lpm_shiftreg_component"
Info: Elaborated megafunction instantiation "RG1:inst|lpm_shiftreg:lpm_shiftreg_component"
Info: Instantiated megafunction "RG1:inst|lpm_shiftreg:lpm_shiftreg_component" with the following parameter:
    Info: Parameter "LPM_TYPE" = "LPM_SHIFTREG"
    Info: Parameter "LPM_WIDTH" = "20"
    Info: Parameter "LPM_DIRECTION" = "LEFT"
Warning: Using design file or_10.tdf, which is not specified as a design file for the current project, but contains definitions for 1 design units and 1 entities in project
    Info: Found entity 1: OR_10
Info: Elaborating entity "OR_10" for hierarchy "OR_10:inst54"
Info: Elaborating entity "lpm_or" for hierarchy "OR_10:inst54|lpm_or:lpm_or_component"
Info: Elaborated megafunction instantiation "OR_10:inst54|lpm_or:lpm_or_component"
Info: Instantiated megafunction "OR_10:inst54|lpm_or:lpm_or_component" with the following parameter:
    Info: Parameter "LPM_TYPE" = "LPM_OR"
    Info: Parameter "LPM_WIDTH" = "1"
    Info: Parameter "LPM_SIZE" = "10"
Warning: Using design file or_9.tdf, which is not specified as a design file for the current project, but contains definitions for 1 design units and 1 entities in project
    Info: Found entity 1: OR_9
Info: Elaborating entity "OR_9" for hierarchy "OR_9:inst53"
Info: Elaborating entity "lpm_or" for hierarchy "OR_9:inst53|lpm_or:lpm_or_component"
Info: Elaborated megafunction instantiation "OR_9:inst53|lpm_or:lpm_or_component"
Info: Instantiated megafunction "OR_9:inst53|lpm_or:lpm_or_component" with the following parameter:
    Info: Parameter "LPM_TYPE" = "LPM_OR"
    Info: Parameter "LPM_WIDTH" = "1"
    Info: Parameter "LPM_SIZE" = "9"
Warning: Output pins are stuck at VCC or GND
    Warning (13410): Pin "y[10]" is stuck at GND
Info: Implemented 273 device resources after synthesis - the final resource count might be different
    Info: Implemented 17 input pins
    Info: Implemented 38 output pins
    Info: Implemented 218 logic cells
Info: Quartus II Analysis & Synthesis was successful. 0 errors, 15 warnings
    Info: Peak virtual memory: 224 megabytes
    Info: Processing ended: Fri Apr 29 13:44:25 2016
    Info: Elapsed time: 00:00:03
    Info: Total CPU time (on all processors): 00:00:02


